[0.265s] [34mcolcon[0m [1;30mDEBUG[0m [32mCommand line arguments: ['/home/sachinator/Desktop/ros/test/.pixi/envs/default/bin/colcon', 'build'][0m
[0.265s] [34mcolcon[0m [1;30mDEBUG[0m [32mParsed command line arguments: Namespace(log_base=None, log_level=None, verb_name='build', build_base='build', install_base='install', merge_install=False, symlink_install=False, test_result_base=None, continue_on_error=False, executor='parallel', parallel_workers=1, event_handlers=None, ignore_user_meta=False, metas=['./colcon.meta'], base_paths=['.'], packages_ignore=None, packages_ignore_regex=None, paths=None, packages_up_to=None, packages_up_to_regex=None, packages_above=None, packages_above_and_dependencies=None, packages_above_depth=None, packages_select_by_dep=None, packages_skip_by_dep=None, packages_skip_up_to=None, packages_select_build_failed=False, packages_skip_build_finished=False, packages_select_test_failures=False, packages_skip_test_passed=False, packages_select=None, packages_skip=None, packages_select_regex=None, packages_skip_regex=None, packages_start=None, packages_end=None, cmake_args=None, cmake_target=None, cmake_target_skip_unavailable=False, cmake_clean_cache=False, cmake_clean_first=False, cmake_force_configure=False, ament_cmake_args=None, catkin_cmake_args=None, catkin_skip_building_tests=False, verb_parser=<colcon_defaults.argument_parser.defaults.DefaultArgumentsDecorator object at 0x7c5d462e9250>, verb_extension=<colcon_core.verb.build.BuildVerb object at 0x7c5d46d5e0f0>, main=<bound method BuildVerb.main of <colcon_core.verb.build.BuildVerb object at 0x7c5d46d5e0f0>>)[0m
[0.345s] [34mcolcon.colcon_core.package_discovery[0m [1;30mLevel 1[0m discover_packages(colcon_meta) check parameters
[0.345s] [34mcolcon.colcon_core.package_discovery[0m [1;30mLevel 1[0m discover_packages(recursive) check parameters
[0.345s] [34mcolcon.colcon_core.package_discovery[0m [1;30mLevel 1[0m discover_packages(ignore) check parameters
[0.345s] [34mcolcon.colcon_core.package_discovery[0m [1;30mLevel 1[0m discover_packages(path) check parameters
[0.345s] [34mcolcon.colcon_core.package_discovery[0m [1;30mLevel 1[0m discover_packages(colcon_meta) discover
[0.345s] [34mcolcon.colcon_core.package_discovery[0m [1;30mLevel 1[0m discover_packages(recursive) discover
[0.345s] [34mcolcon.colcon_core.package_discovery[0m [1;30mINFO[0m Crawling recursively for packages in '/home/sachinator/Desktop/ros/test'
[0.345s] [34mcolcon.colcon_core.package_identification[0m [1;30mLevel 1[0m _identify(.) by extensions ['ignore', 'ignore_ament_install']
[0.346s] [34mcolcon.colcon_core.package_identification[0m [1;30mLevel 1[0m _identify(.) by extension 'ignore'
[0.346s] [34mcolcon.colcon_core.package_identification[0m [1;30mLevel 1[0m _identify(.) by extension 'ignore_ament_install'
[0.346s] [34mcolcon.colcon_core.package_identification[0m [1;30mLevel 1[0m _identify(.) by extensions ['colcon_pkg']
[0.346s] [34mcolcon.colcon_core.package_identification[0m [1;30mLevel 1[0m _identify(.) by extension 'colcon_pkg'
[0.346s] [34mcolcon.colcon_core.package_identification[0m [1;30mLevel 1[0m _identify(.) by extensions ['colcon_meta']
[0.346s] [34mcolcon.colcon_core.package_identification[0m [1;30mLevel 1[0m _identify(.) by extension 'colcon_meta'
[0.346s] [34mcolcon.colcon_core.package_identification[0m [1;30mLevel 1[0m _identify(.) by extensions ['ros']
[0.346s] [34mcolcon.colcon_core.package_identification[0m [1;30mLevel 1[0m _identify(.) by extension 'ros'
[0.398s] [34mcolcon.colcon_core.package_identification[0m [1;30mLevel 1[0m _identify(.) by extensions ['cmake', 'python']
[0.398s] [34mcolcon.colcon_core.package_identification[0m [1;30mLevel 1[0m _identify(.) by extension 'cmake'
[0.398s] [34mcolcon.colcon_core.package_identification[0m [1;30mLevel 1[0m _identify(.) by extension 'python'
[0.398s] [34mcolcon.colcon_core.package_identification[0m [1;30mLevel 1[0m _identify(.) by extensions ['python_setup_py']
[0.398s] [34mcolcon.colcon_core.package_identification[0m [1;30mLevel 1[0m _identify(.) by extension 'python_setup_py'
[0.398s] [34mcolcon.colcon_core.package_identification[0m [1;30mLevel 1[0m _identify(build) by extensions ['ignore', 'ignore_ament_install']
[0.398s] [34mcolcon.colcon_core.package_identification[0m [1;30mLevel 1[0m _identify(build) by extension 'ignore'
[0.399s] [34mcolcon.colcon_core.package_identification[0m [1;30mLevel 1[0m _identify(build) ignored
[0.399s] [34mcolcon.colcon_core.package_identification[0m [1;30mLevel 1[0m _identify(install) by extensions ['ignore', 'ignore_ament_install']
[0.399s] [34mcolcon.colcon_core.package_identification[0m [1;30mLevel 1[0m _identify(install) by extension 'ignore'
[0.399s] [34mcolcon.colcon_core.package_identification[0m [1;30mLevel 1[0m _identify(install) ignored
[0.399s] [34mcolcon.colcon_core.package_identification[0m [1;30mLevel 1[0m _identify(log) by extensions ['ignore', 'ignore_ament_install']
[0.399s] [34mcolcon.colcon_core.package_identification[0m [1;30mLevel 1[0m _identify(log) by extension 'ignore'
[0.399s] [34mcolcon.colcon_core.package_identification[0m [1;30mLevel 1[0m _identify(log) ignored
[0.399s] [34mcolcon.colcon_core.package_identification[0m [1;30mLevel 1[0m _identify(src) by extensions ['ignore', 'ignore_ament_install']
[0.399s] [34mcolcon.colcon_core.package_identification[0m [1;30mLevel 1[0m _identify(src) by extension 'ignore'
[0.399s] [34mcolcon.colcon_core.package_identification[0m [1;30mLevel 1[0m _identify(src) by extension 'ignore_ament_install'
[0.399s] [34mcolcon.colcon_core.package_identification[0m [1;30mLevel 1[0m _identify(src) by extensions ['colcon_pkg']
[0.399s] [34mcolcon.colcon_core.package_identification[0m [1;30mLevel 1[0m _identify(src) by extension 'colcon_pkg'
[0.399s] [34mcolcon.colcon_core.package_identification[0m [1;30mLevel 1[0m _identify(src) by extensions ['colcon_meta']
[0.399s] [34mcolcon.colcon_core.package_identification[0m [1;30mLevel 1[0m _identify(src) by extension 'colcon_meta'
[0.399s] [34mcolcon.colcon_core.package_identification[0m [1;30mLevel 1[0m _identify(src) by extensions ['ros']
[0.399s] [34mcolcon.colcon_core.package_identification[0m [1;30mLevel 1[0m _identify(src) by extension 'ros'
[0.400s] [34mcolcon.colcon_core.package_identification[0m [1;30mLevel 1[0m _identify(src) by extensions ['cmake', 'python']
[0.400s] [34mcolcon.colcon_core.package_identification[0m [1;30mLevel 1[0m _identify(src) by extension 'cmake'
[0.400s] [34mcolcon.colcon_core.package_identification[0m [1;30mLevel 1[0m _identify(src) by extension 'python'
[0.400s] [34mcolcon.colcon_core.package_identification[0m [1;30mLevel 1[0m _identify(src) by extensions ['python_setup_py']
[0.400s] [34mcolcon.colcon_core.package_identification[0m [1;30mLevel 1[0m _identify(src) by extension 'python_setup_py'
[0.400s] [34mcolcon.colcon_core.package_identification[0m [1;30mLevel 1[0m _identify(src/py_pubsub) by extensions ['ignore', 'ignore_ament_install']
[0.400s] [34mcolcon.colcon_core.package_identification[0m [1;30mLevel 1[0m _identify(src/py_pubsub) by extension 'ignore'
[0.400s] [34mcolcon.colcon_core.package_identification[0m [1;30mLevel 1[0m _identify(src/py_pubsub) by extension 'ignore_ament_install'
[0.400s] [34mcolcon.colcon_core.package_identification[0m [1;30mLevel 1[0m _identify(src/py_pubsub) by extensions ['colcon_pkg']
[0.400s] [34mcolcon.colcon_core.package_identification[0m [1;30mLevel 1[0m _identify(src/py_pubsub) by extension 'colcon_pkg'
[0.400s] [34mcolcon.colcon_core.package_identification[0m [1;30mLevel 1[0m _identify(src/py_pubsub) by extensions ['colcon_meta']
[0.400s] [34mcolcon.colcon_core.package_identification[0m [1;30mLevel 1[0m _identify(src/py_pubsub) by extension 'colcon_meta'
[0.400s] [34mcolcon.colcon_core.package_identification[0m [1;30mLevel 1[0m _identify(src/py_pubsub) by extensions ['ros']
[0.400s] [34mcolcon.colcon_core.package_identification[0m [1;30mLevel 1[0m _identify(src/py_pubsub) by extension 'ros'
[0.406s] [34mcolcon.colcon_core.package_identification[0m [1;30mDEBUG[0m [32mPackage 'src/py_pubsub' with type 'ros.ament_python' and name 'py_pubsub'[0m
[0.406s] [34mcolcon.colcon_core.package_discovery[0m [1;30mLevel 1[0m discover_packages(recursive) using defaults
[0.406s] [34mcolcon.colcon_core.package_discovery[0m [1;30mLevel 1[0m discover_packages(ignore) discover
[0.406s] [34mcolcon.colcon_core.package_discovery[0m [1;30mLevel 1[0m discover_packages(ignore) using defaults
[0.406s] [34mcolcon.colcon_core.package_discovery[0m [1;30mLevel 1[0m discover_packages(path) discover
[0.406s] [34mcolcon.colcon_core.package_discovery[0m [1;30mLevel 1[0m discover_packages(path) using defaults
[0.430s] [34mcolcon.colcon_core.verb[0m [1;30mLevel 5[0m set package 'py_pubsub' build argument 'cmake_args' from command line to 'None'
[0.430s] [34mcolcon.colcon_core.verb[0m [1;30mLevel 5[0m set package 'py_pubsub' build argument 'cmake_target' from command line to 'None'
[0.430s] [34mcolcon.colcon_core.verb[0m [1;30mLevel 5[0m set package 'py_pubsub' build argument 'cmake_target_skip_unavailable' from command line to 'False'
[0.430s] [34mcolcon.colcon_core.verb[0m [1;30mLevel 5[0m set package 'py_pubsub' build argument 'cmake_clean_cache' from command line to 'False'
[0.430s] [34mcolcon.colcon_core.verb[0m [1;30mLevel 5[0m set package 'py_pubsub' build argument 'cmake_clean_first' from command line to 'False'
[0.430s] [34mcolcon.colcon_core.verb[0m [1;30mLevel 5[0m set package 'py_pubsub' build argument 'cmake_force_configure' from command line to 'False'
[0.430s] [34mcolcon.colcon_core.verb[0m [1;30mLevel 5[0m set package 'py_pubsub' build argument 'ament_cmake_args' from command line to 'None'
[0.430s] [34mcolcon.colcon_core.verb[0m [1;30mLevel 5[0m set package 'py_pubsub' build argument 'catkin_cmake_args' from command line to 'None'
[0.430s] [34mcolcon.colcon_core.verb[0m [1;30mLevel 5[0m set package 'py_pubsub' build argument 'catkin_skip_building_tests' from command line to 'False'
[0.430s] [34mcolcon.colcon_core.verb[0m [1;30mDEBUG[0m [32mBuilding package 'py_pubsub' with the following arguments: {'ament_cmake_args': None, 'build_base': '/home/sachinator/Desktop/ros/test/build/py_pubsub', 'catkin_cmake_args': None, 'catkin_skip_building_tests': False, 'cmake_args': None, 'cmake_clean_cache': False, 'cmake_clean_first': False, 'cmake_force_configure': False, 'cmake_target': None, 'cmake_target_skip_unavailable': False, 'install_base': '/home/sachinator/Desktop/ros/test/install/py_pubsub', 'merge_install': False, 'path': '/home/sachinator/Desktop/ros/test/src/py_pubsub', 'symlink_install': False, 'test_result_base': None}[0m
[0.431s] [34mcolcon.colcon_core.executor[0m [1;30mINFO[0m Executing jobs using 'parallel' executor
[0.432s] [34mcolcon.colcon_parallel_executor.executor.parallel[0m [1;30mDEBUG[0m [32mrun_until_complete[0m
[0.432s] [34mcolcon.colcon_ros.task.ament_python.build[0m [1;30mINFO[0m Building ROS package in '/home/sachinator/Desktop/ros/test/src/py_pubsub' with build type 'ament_python'
[0.432s] [34mcolcon.colcon_core.shell[0m [1;30mLevel 1[0m create_environment_hook('py_pubsub', 'ament_prefix_path')
[0.448s] [34mcolcon.colcon_core.plugin_system[0m [1;30mINFO[0m Skipping extension 'colcon_core.shell.bat': Not used on non-Windows systems
[0.448s] [34mcolcon.colcon_core.shell[0m [1;30mINFO[0m Creating environment hook '/home/sachinator/Desktop/ros/test/install/py_pubsub/share/py_pubsub/hook/ament_prefix_path.ps1'
[0.450s] [34mcolcon.colcon_core.shell[0m [1;30mINFO[0m Creating environment descriptor '/home/sachinator/Desktop/ros/test/install/py_pubsub/share/py_pubsub/hook/ament_prefix_path.dsv'
[0.450s] [34mcolcon.colcon_core.shell[0m [1;30mINFO[0m Creating environment hook '/home/sachinator/Desktop/ros/test/install/py_pubsub/share/py_pubsub/hook/ament_prefix_path.sh'
[0.451s] [34mcolcon.colcon_core.shell[0m [1;30mINFO[0m Skip shell extension 'powershell' for command environment: Not usable outside of PowerShell
[0.451s] [34mcolcon.colcon_core.shell[0m [1;30mDEBUG[0m [32mSkip shell extension 'dsv' for command environment[0m
[0.889s] [34mcolcon.colcon_core.task.python.build[0m [1;30mINFO[0m Building Python package in '/home/sachinator/Desktop/ros/test/src/py_pubsub'
[0.890s] [34mcolcon.colcon_core.shell[0m [1;30mINFO[0m Skip shell extension 'powershell' for command environment: Not usable outside of PowerShell
[0.890s] [34mcolcon.colcon_core.shell[0m [1;30mDEBUG[0m [32mSkip shell extension 'dsv' for command environment[0m
[1.817s] [34mcolcon.colcon_core.event_handler.log_command[0m [1;30mDEBUG[0m [32mInvoking command in '/home/sachinator/Desktop/ros/test/src/py_pubsub': DEBUGINFOD_URLS=https://debuginfod.ubuntu.com PIXI_PROMPT=(test) PYTHONPATH=/home/sachinator/Desktop/ros/test/build/py_pubsub/prefix_override:/home/sachinator/Desktop/ros/test/.pixi/envs/default/lib/python3.12/site-packages/colcon_core/task/python/colcon_distutils_commands:/home/sachinator/Desktop/ros/test/install/py_pubsub/lib/python3.12/site-packages:${PYTHONPATH} /home/sachinator/Desktop/ros/test/.pixi/envs/default/bin/python3.12 -W ignore:setup.py install is deprecated -W ignore:easy_install command is deprecated setup.py egg_info --egg-base ../../build/py_pubsub build --build-base /home/sachinator/Desktop/ros/test/build/py_pubsub/build install --record /home/sachinator/Desktop/ros/test/build/py_pubsub/install.log --single-version-externally-managed install_data[0m
[2.428s] [34mcolcon.colcon_core.event_handler.log_command[0m [1;30mDEBUG[0m [32mInvoked command in '/home/sachinator/Desktop/ros/test/src/py_pubsub' returned '0': DEBUGINFOD_URLS=https://debuginfod.ubuntu.com PIXI_PROMPT=(test) PYTHONPATH=/home/sachinator/Desktop/ros/test/build/py_pubsub/prefix_override:/home/sachinator/Desktop/ros/test/.pixi/envs/default/lib/python3.12/site-packages/colcon_core/task/python/colcon_distutils_commands:/home/sachinator/Desktop/ros/test/install/py_pubsub/lib/python3.12/site-packages:${PYTHONPATH} /home/sachinator/Desktop/ros/test/.pixi/envs/default/bin/python3.12 -W ignore:setup.py install is deprecated -W ignore:easy_install command is deprecated setup.py egg_info --egg-base ../../build/py_pubsub build --build-base /home/sachinator/Desktop/ros/test/build/py_pubsub/build install --record /home/sachinator/Desktop/ros/test/build/py_pubsub/install.log --single-version-externally-managed install_data[0m
[2.436s] [34mcolcon.colcon_core.environment[0m [1;30mLevel 1[0m checking '/home/sachinator/Desktop/ros/test/install/py_pubsub' for CMake module files
[2.436s] [34mcolcon.colcon_core.environment[0m [1;30mLevel 1[0m checking '/home/sachinator/Desktop/ros/test/install/py_pubsub' for CMake config files
[2.437s] [34mcolcon.colcon_core.environment[0m [1;30mLevel 1[0m checking '/home/sachinator/Desktop/ros/test/install/py_pubsub/lib'
[2.438s] [34mcolcon.colcon_core.environment[0m [1;30mLevel 1[0m checking '/home/sachinator/Desktop/ros/test/install/py_pubsub/bin'
[2.438s] [34mcolcon.colcon_core.environment[0m [1;30mLevel 1[0m checking '/home/sachinator/Desktop/ros/test/install/py_pubsub/lib/pkgconfig/py_pubsub.pc'
[2.438s] [34mcolcon.colcon_core.environment[0m [1;30mLevel 1[0m checking '/home/sachinator/Desktop/ros/test/install/py_pubsub/lib/python3.12/site-packages'
[2.438s] [34mcolcon.colcon_core.shell[0m [1;30mLevel 1[0m create_environment_hook('py_pubsub', 'pythonpath')
[2.439s] [34mcolcon.colcon_core.shell[0m [1;30mINFO[0m Creating environment hook '/home/sachinator/Desktop/ros/test/install/py_pubsub/share/py_pubsub/hook/pythonpath.ps1'
[2.439s] [34mcolcon.colcon_core.shell[0m [1;30mINFO[0m Creating environment descriptor '/home/sachinator/Desktop/ros/test/install/py_pubsub/share/py_pubsub/hook/pythonpath.dsv'
[2.440s] [34mcolcon.colcon_core.shell[0m [1;30mINFO[0m Creating environment hook '/home/sachinator/Desktop/ros/test/install/py_pubsub/share/py_pubsub/hook/pythonpath.sh'
[2.441s] [34mcolcon.colcon_core.environment[0m [1;30mLevel 1[0m checking '/home/sachinator/Desktop/ros/test/install/py_pubsub/bin'
[2.441s] [34mcolcon.colcon_core.environment[0m [1;30mLevel 1[0m create_environment_scripts_only(py_pubsub)
[2.441s] [34mcolcon.colcon_core.shell[0m [1;30mINFO[0m Creating package script '/home/sachinator/Desktop/ros/test/install/py_pubsub/share/py_pubsub/package.ps1'
[2.452s] [34mcolcon.colcon_core.shell[0m [1;30mINFO[0m Creating package descriptor '/home/sachinator/Desktop/ros/test/install/py_pubsub/share/py_pubsub/package.dsv'
[2.453s] [34mcolcon.colcon_core.shell[0m [1;30mINFO[0m Creating package script '/home/sachinator/Desktop/ros/test/install/py_pubsub/share/py_pubsub/package.sh'
[2.453s] [34mcolcon.colcon_core.shell[0m [1;30mINFO[0m Creating package script '/home/sachinator/Desktop/ros/test/install/py_pubsub/share/py_pubsub/package.bash'
[2.454s] [34mcolcon.colcon_core.shell[0m [1;30mINFO[0m Creating package script '/home/sachinator/Desktop/ros/test/install/py_pubsub/share/py_pubsub/package.zsh'
[2.455s] [34mcolcon.colcon_core.environment[0m [1;30mLevel 1[0m create_file_with_runtime_dependencies(/home/sachinator/Desktop/ros/test/install/py_pubsub/share/colcon-core/packages/py_pubsub)
[2.463s] [34mcolcon.colcon_parallel_executor.executor.parallel[0m [1;30mDEBUG[0m [32mclosing loop[0m
[2.464s] [34mcolcon.colcon_parallel_executor.executor.parallel[0m [1;30mDEBUG[0m [32mloop closed[0m
[2.464s] [34mcolcon.colcon_parallel_executor.executor.parallel[0m [1;30mDEBUG[0m [32mrun_until_complete finished with '0'[0m
[2.474s] [34mcolcon.colcon_core.event_reactor[0m [1;30mDEBUG[0m [32mjoining thread[0m
[2.474s] [34mcolcon.colcon_core.event_reactor[0m [1;30mDEBUG[0m [32mjoined thread[0m
[2.474s] [34mcolcon.colcon_core.shell[0m [1;30mINFO[0m Creating prefix script '/home/sachinator/Desktop/ros/test/install/local_setup.ps1'
[2.476s] [34mcolcon.colcon_core.shell[0m [1;30mINFO[0m Creating prefix util module '/home/sachinator/Desktop/ros/test/install/_local_setup_util_ps1.py'
[2.478s] [34mcolcon.colcon_core.shell[0m [1;30mINFO[0m Creating prefix chain script '/home/sachinator/Desktop/ros/test/install/setup.ps1'
[2.479s] [34mcolcon.colcon_core.shell[0m [1;30mINFO[0m Creating prefix script '/home/sachinator/Desktop/ros/test/install/local_setup.sh'
[2.479s] [34mcolcon.colcon_core.shell[0m [1;30mINFO[0m Creating prefix util module '/home/sachinator/Desktop/ros/test/install/_local_setup_util_sh.py'
[2.480s] [34mcolcon.colcon_core.shell[0m [1;30mINFO[0m Creating prefix chain script '/home/sachinator/Desktop/ros/test/install/setup.sh'
[2.481s] [34mcolcon.colcon_core.shell[0m [1;30mINFO[0m Creating prefix script '/home/sachinator/Desktop/ros/test/install/local_setup.bash'
[2.481s] [34mcolcon.colcon_core.shell[0m [1;30mINFO[0m Creating prefix chain script '/home/sachinator/Desktop/ros/test/install/setup.bash'
[2.482s] [34mcolcon.colcon_core.shell[0m [1;30mINFO[0m Creating prefix script '/home/sachinator/Desktop/ros/test/install/local_setup.zsh'
[2.482s] [34mcolcon.colcon_core.shell[0m [1;30mINFO[0m Creating prefix chain script '/home/sachinator/Desktop/ros/test/install/setup.zsh'
