[1.380s] Invoking command in '/home/sachinator/Desktop/ros/test/src/py_pubsub': DEBUGINFOD_URLS=https://debuginfod.ubuntu.com PIXI_PROMPT=(test) PYTHONPATH=/home/sachinator/Desktop/ros/test/build/py_pubsub/prefix_override:/home/sachinator/Desktop/ros/test/.pixi/envs/default/lib/python3.12/site-packages/colcon_core/task/python/colcon_distutils_commands:/home/sachinator/Desktop/ros/test/install/py_pubsub/lib/python3.12/site-packages:${PYTHONPATH} /home/sachinator/Desktop/ros/test/.pixi/envs/default/bin/python3.12 -W ignore:setup.py install is deprecated -W ignore:easy_install command is deprecated setup.py egg_info --egg-base ../../build/py_pubsub build --build-base /home/sachinator/Desktop/ros/test/build/py_pubsub/build install --record /home/sachinator/Desktop/ros/test/build/py_pubsub/install.log --single-version-externally-managed install_data
[1.787s] running egg_info
[1.803s] creating ../../build/py_pubsub/py_pubsub.egg-info
[1.803s] writing ../../build/py_pubsub/py_pubsub.egg-info/PKG-INFO
[1.804s] writing dependency_links to ../../build/py_pubsub/py_pubsub.egg-info/dependency_links.txt
[1.804s] writing entry points to ../../build/py_pubsub/py_pubsub.egg-info/entry_points.txt
[1.818s] writing requirements to ../../build/py_pubsub/py_pubsub.egg-info/requires.txt
[1.818s] writing top-level names to ../../build/py_pubsub/py_pubsub.egg-info/top_level.txt
[1.818s] writing manifest file '../../build/py_pubsub/py_pubsub.egg-info/SOURCES.txt'
[1.843s] reading manifest file '../../build/py_pubsub/py_pubsub.egg-info/SOURCES.txt'
[1.845s] writing manifest file '../../build/py_pubsub/py_pubsub.egg-info/SOURCES.txt'
[1.847s] running build
[1.847s] running build_py
[1.848s] creating /home/sachinator/Desktop/ros/test/build/py_pubsub/build/lib/py_pubsub
[1.848s] copying py_pubsub/listener.py -> /home/sachinator/Desktop/ros/test/build/py_pubsub/build/lib/py_pubsub
[1.848s] copying py_pubsub/talker.py -> /home/sachinator/Desktop/ros/test/build/py_pubsub/build/lib/py_pubsub
[1.848s] copying py_pubsub/__init__.py -> /home/sachinator/Desktop/ros/test/build/py_pubsub/build/lib/py_pubsub
[1.849s] running install
[1.854s] running install_lib
[1.873s] creating /home/sachinator/Desktop/ros/test/install/py_pubsub/lib/python3.12/site-packages/py_pubsub
[1.874s] copying /home/sachinator/Desktop/ros/test/build/py_pubsub/build/lib/py_pubsub/listener.py -> /home/sachinator/Desktop/ros/test/install/py_pubsub/lib/python3.12/site-packages/py_pubsub
[1.874s] copying /home/sachinator/Desktop/ros/test/build/py_pubsub/build/lib/py_pubsub/talker.py -> /home/sachinator/Desktop/ros/test/install/py_pubsub/lib/python3.12/site-packages/py_pubsub
[1.875s] copying /home/sachinator/Desktop/ros/test/build/py_pubsub/build/lib/py_pubsub/__init__.py -> /home/sachinator/Desktop/ros/test/install/py_pubsub/lib/python3.12/site-packages/py_pubsub
[1.875s] byte-compiling /home/sachinator/Desktop/ros/test/install/py_pubsub/lib/python3.12/site-packages/py_pubsub/listener.py to listener.cpython-312.pyc
[1.876s] byte-compiling /home/sachinator/Desktop/ros/test/install/py_pubsub/lib/python3.12/site-packages/py_pubsub/talker.py to talker.cpython-312.pyc
[1.881s] byte-compiling /home/sachinator/Desktop/ros/test/install/py_pubsub/lib/python3.12/site-packages/py_pubsub/__init__.py to __init__.cpython-312.pyc
[1.881s] running install_data
[1.882s] creating /home/sachinator/Desktop/ros/test/install/py_pubsub/share/ament_index/resource_index/packages
[1.882s] copying resource/py_pubsub -> /home/sachinator/Desktop/ros/test/install/py_pubsub/share/ament_index/resource_index/packages
[1.883s] copying package.xml -> /home/sachinator/Desktop/ros/test/install/py_pubsub/share/py_pubsub
[1.883s] running install_egg_info
[1.904s] Copying ../../build/py_pubsub/py_pubsub.egg-info to /home/sachinator/Desktop/ros/test/install/py_pubsub/lib/python3.12/site-packages/py_pubsub-0.0.0-py3.12.egg-info
[1.905s] running install_scripts
[1.939s] Installing listener script to /home/sachinator/Desktop/ros/test/install/py_pubsub/lib/py_pubsub
[1.939s] Installing talker script to /home/sachinator/Desktop/ros/test/install/py_pubsub/lib/py_pubsub
[1.942s] writing list of installed files to '/home/sachinator/Desktop/ros/test/build/py_pubsub/install.log'
[1.992s] Invoked command in '/home/sachinator/Desktop/ros/test/src/py_pubsub' returned '0': DEBUGINFOD_URLS=https://debuginfod.ubuntu.com PIXI_PROMPT=(test) PYTHONPATH=/home/sachinator/Desktop/ros/test/build/py_pubsub/prefix_override:/home/sachinator/Desktop/ros/test/.pixi/envs/default/lib/python3.12/site-packages/colcon_core/task/python/colcon_distutils_commands:/home/sachinator/Desktop/ros/test/install/py_pubsub/lib/python3.12/site-packages:${PYTHONPATH} /home/sachinator/Desktop/ros/test/.pixi/envs/default/bin/python3.12 -W ignore:setup.py install is deprecated -W ignore:easy_install command is deprecated setup.py egg_info --egg-base ../../build/py_pubsub build --build-base /home/sachinator/Desktop/ros/test/build/py_pubsub/build install --record /home/sachinator/Desktop/ros/test/build/py_pubsub/install.log --single-version-externally-managed install_data
